// Jest Snapshot v1, https://goo.gl/fbAQLP

exports[`THEME_CONSTANTS should have valid snapshot 1`] = `
Object {
  "breakpoints": Object {
    "values": Object {
      "lg": 1200,
      "md": 992,
      "sm": 768,
      "xl": 1400,
      "xs": 0,
    },
  },
  "palette": Object {
    "action": Object {
      "activatedOpacity": NaN,
      "active": undefined,
      "disabled": undefined,
      "disabledBackground": undefined,
      "disabledOpacity": NaN,
      "focus": undefined,
      "focusOpacity": NaN,
      "hover": undefined,
      "hoverOpacity": NaN,
      "selected": undefined,
      "selectedOpacity": NaN,
    },
    "background": Object {
      "default": undefined,
      "paper": undefined,
    },
    "error": Object {
      "contrastText": undefined,
      "dark": undefined,
      "light": undefined,
      "main": undefined,
    },
    "grey": Object {
      "100": undefined,
      "200": undefined,
      "300": undefined,
      "400": undefined,
      "50": undefined,
      "500": undefined,
      "600": undefined,
      "700": undefined,
      "800": undefined,
      "900": undefined,
      "A100": undefined,
      "A200": undefined,
      "A400": undefined,
      "A700": undefined,
    },
    "info": Object {
      "contrastText": undefined,
      "dark": undefined,
      "light": undefined,
      "main": undefined,
    },
    "primary": Object {
      "contrastText": undefined,
      "dark": undefined,
      "light": undefined,
      "main": undefined,
    },
    "secondary": Object {
      "contrastText": undefined,
      "dark": undefined,
      "light": undefined,
      "main": undefined,
    },
    "success": Object {
      "contrastText": undefined,
      "dark": undefined,
      "light": undefined,
      "main": undefined,
    },
    "text": Object {
      "disabled": undefined,
      "divider": undefined,
      "hint": undefined,
      "icon": undefined,
      "primary": undefined,
      "secondary": undefined,
    },
    "warning": Object {
      "contrastText": undefined,
      "dark": undefined,
      "light": undefined,
      "main": undefined,
    },
  },
  "shape": Object {
    "borderRadius": NaN,
  },
  "typography": Object {
    "body1": Object {
      "fontFamily": undefined,
      "fontSize": undefined,
      "fontWeight": undefined,
      "letterSpacing": undefined,
      "lineHeight": undefined,
    },
    "body2": Object {
      "fontFamily": undefined,
      "fontSize": undefined,
      "fontWeight": undefined,
      "letterSpacing": undefined,
      "lineHeight": undefined,
    },
    "button": Object {
      "fontFamily": undefined,
      "fontSize": undefined,
      "fontWeight": undefined,
      "letterSpacing": undefined,
      "textTransform": undefined,
    },
    "caption": Object {
      "fontFamily": undefined,
      "fontSize": undefined,
      "fontWeight": undefined,
      "letterSpacing": undefined,
    },
    "fontFamily": undefined,
    "fontSize": NaN,
    "fontWeightBold": undefined,
    "fontWeightLight": undefined,
    "fontWeightMedium": undefined,
    "fontWeightRegular": undefined,
    "h1": Object {
      "fontFamily": undefined,
      "fontSize": undefined,
      "fontWeight": undefined,
      "letterSpacing": undefined,
      "lineHeight": undefined,
    },
    "h2": Object {
      "fontFamily": undefined,
      "fontSize": undefined,
      "fontWeight": undefined,
      "letterSpacing": undefined,
      "lineHeight": undefined,
    },
    "h3": Object {
      "fontFamily": undefined,
      "fontSize": undefined,
      "fontWeight": undefined,
      "letterSpacing": undefined,
      "lineHeight": undefined,
    },
    "h4": Object {
      "fontFamily": undefined,
      "fontSize": undefined,
      "fontWeight": undefined,
      "letterSpacing": undefined,
      "lineHeight": undefined,
    },
    "h5": Object {
      "fontFamily": undefined,
      "fontSize": undefined,
      "fontWeight": undefined,
      "letterSpacing": undefined,
      "lineHeight": undefined,
    },
    "h6": Object {
      "fontFamily": undefined,
      "fontSize": undefined,
      "fontWeight": undefined,
      "letterSpacing": undefined,
      "lineHeight": undefined,
    },
    "htmlFontSize": NaN,
    "overline": Object {
      "fontFamily": undefined,
      "fontSize": undefined,
      "fontWeight": undefined,
      "letterSpacing": undefined,
      "textTransform": undefined,
    },
    "subtitle1": Object {
      "fontFamily": undefined,
      "fontSize": undefined,
      "fontWeight": undefined,
      "letterSpacing": undefined,
      "lineHeight": undefined,
    },
    "subtitle2": Object {
      "fontFamily": undefined,
      "fontSize": undefined,
      "fontWeight": undefined,
      "letterSpacing": undefined,
      "lineHeight": undefined,
    },
  },
  "zIndex": Object {
    "appBar": 1250,
    "drawer": 1200,
    "mobileStepper": 1000,
    "modal": 1300,
    "snackbar": 1400,
    "speedDial": 1050,
    "tooltip": 1500,
  },
}
`;

exports[`THEME_CONSTANTS should have valid snapshot 2`] = `
Object {
  "breakpoints": Object {
    "values": Object {
      "lg": 1200,
      "md": 992,
      "sm": 768,
      "xl": 1400,
      "xs": 0,
    },
  },
  "palette": Object {
    "action": Object {
      "activatedOpacity": NaN,
      "active": undefined,
      "disabled": undefined,
      "disabledBackground": undefined,
      "disabledOpacity": NaN,
      "focus": undefined,
      "focusOpacity": NaN,
      "hover": undefined,
      "hoverOpacity": NaN,
      "selected": undefined,
      "selectedOpacity": NaN,
    },
    "background": Object {
      "default": undefined,
      "paper": undefined,
    },
    "error": Object {
      "contrastText": undefined,
      "dark": undefined,
      "light": undefined,
      "main": undefined,
    },
    "grey": Object {
      "100": undefined,
      "200": undefined,
      "300": undefined,
      "400": undefined,
      "50": undefined,
      "500": undefined,
      "600": undefined,
      "700": undefined,
      "800": undefined,
      "900": undefined,
      "A100": undefined,
      "A200": undefined,
      "A400": undefined,
      "A700": undefined,
    },
    "info": Object {
      "contrastText": undefined,
      "dark": undefined,
      "light": undefined,
      "main": undefined,
    },
    "primary": Object {
      "contrastText": undefined,
      "dark": undefined,
      "light": undefined,
      "main": undefined,
    },
    "secondary": Object {
      "contrastText": undefined,
      "dark": undefined,
      "light": undefined,
      "main": undefined,
    },
    "success": Object {
      "contrastText": undefined,
      "dark": undefined,
      "light": undefined,
      "main": undefined,
    },
    "text": Object {
      "disabled": undefined,
      "divider": undefined,
      "hint": undefined,
      "icon": undefined,
      "primary": undefined,
      "secondary": undefined,
    },
    "warning": Object {
      "contrastText": undefined,
      "dark": undefined,
      "light": undefined,
      "main": undefined,
    },
  },
  "shape": Object {
    "borderRadius": NaN,
  },
  "typography": Object {
    "body1": Object {
      "fontFamily": undefined,
      "fontSize": undefined,
      "fontWeight": undefined,
      "letterSpacing": undefined,
      "lineHeight": undefined,
    },
    "body2": Object {
      "fontFamily": undefined,
      "fontSize": undefined,
      "fontWeight": undefined,
      "letterSpacing": undefined,
      "lineHeight": undefined,
    },
    "button": Object {
      "fontFamily": undefined,
      "fontSize": undefined,
      "fontWeight": undefined,
      "letterSpacing": undefined,
      "textTransform": undefined,
    },
    "caption": Object {
      "fontFamily": undefined,
      "fontSize": undefined,
      "fontWeight": undefined,
      "letterSpacing": undefined,
    },
    "fontFamily": undefined,
    "fontSize": NaN,
    "fontWeightBold": undefined,
    "fontWeightLight": undefined,
    "fontWeightMedium": undefined,
    "fontWeightRegular": undefined,
    "h1": Object {
      "fontFamily": undefined,
      "fontSize": undefined,
      "fontWeight": undefined,
      "letterSpacing": undefined,
      "lineHeight": undefined,
    },
    "h2": Object {
      "fontFamily": undefined,
      "fontSize": undefined,
      "fontWeight": undefined,
      "letterSpacing": undefined,
      "lineHeight": undefined,
    },
    "h3": Object {
      "fontFamily": undefined,
      "fontSize": undefined,
      "fontWeight": undefined,
      "letterSpacing": undefined,
      "lineHeight": undefined,
    },
    "h4": Object {
      "fontFamily": undefined,
      "fontSize": undefined,
      "fontWeight": undefined,
      "letterSpacing": undefined,
      "lineHeight": undefined,
    },
    "h5": Object {
      "fontFamily": undefined,
      "fontSize": undefined,
      "fontWeight": undefined,
      "letterSpacing": undefined,
      "lineHeight": undefined,
    },
    "h6": Object {
      "fontFamily": undefined,
      "fontSize": undefined,
      "fontWeight": undefined,
      "letterSpacing": undefined,
      "lineHeight": undefined,
    },
    "htmlFontSize": NaN,
    "overline": Object {
      "fontFamily": undefined,
      "fontSize": undefined,
      "fontWeight": undefined,
      "letterSpacing": undefined,
      "textTransform": undefined,
    },
    "subtitle1": Object {
      "fontFamily": undefined,
      "fontSize": undefined,
      "fontWeight": undefined,
      "letterSpacing": undefined,
      "lineHeight": undefined,
    },
    "subtitle2": Object {
      "fontFamily": undefined,
      "fontSize": undefined,
      "fontWeight": undefined,
      "letterSpacing": undefined,
      "lineHeight": undefined,
    },
  },
  "zIndex": Object {
    "appBar": 1250,
    "drawer": 1200,
    "mobileStepper": 1000,
    "modal": 1300,
    "snackbar": 1400,
    "speedDial": 1050,
    "tooltip": 1500,
  },
}
`;
